C:\Users\praveen pasupuleti\Documents\GitHub\hadoop [master ↑ +0 ~0 -6 !]> git clone https://github.com/praveenpasupuleti/hadoop.git
Cloning into 'hadoop'...
remote: Counting objects: 34, done.
remote: Compressing objects: 100% (28/28), done.
remote: Total 34 (delta 10), reused 13 (delta 1), pack-reused 0
Unpacking objects: 100% (34/34), done.
C:\Users\praveen pasupuleti\Documents\GitHub\hadoop [master ↑ +1 ~0 -6 !]> ls


    Directory: C:\Users\praveen pasupuleti\Documents\GitHub\hadoop


Mode                LastWriteTime         Length Name
----                -------------         ------ ----
d-----        1/26/2017   7:59 PM                hadoop
-a----        1/25/2017   8:56 PM             14 file.txt
-a----        1/26/2017   7:54 PM              5 files.txt
-a----        1/14/2017   8:09 PM        1561514 hadoop_tutorial.pdf


C:\Users\praveen pasupuleti\Documents\GitHub\hadoop [master ↑ +1 ~0 -6 !]> git add files.txt
C:\Users\praveen pasupuleti\Documents\GitHub\hadoop [master ↑ +1 ~0 -6 !]> git commit "information updating"
error: pathspec 'information updating' did not match any file(s) known to git.
C:\Users\praveen pasupuleti\Documents\GitHub\hadoop [master ↑ +1 ~0 -6 !]> git commit -m "appending"
On branch master
Your branch is ahead of 'origin/master' by 2 commits.
  (use "git push" to publish your local commits)
Changes not staged for commit:
        deleted:    Sample_Spark_java_joins.docx
        deleted:    Spark.xlsx
        deleted:    Update.txt
        deleted:    XOOM TRANSFER.pdf
        deleted:    cloudera-administration.pdf
        deleted:    sqoop.txt

Untracked files:
        hadoop/

no changes added to commit
C:\Users\praveen pasupuleti\Documents\GitHub\hadoop [master ↑ +1 ~0 -6 !]> git push
To https://github.com/praveenpasupuleti/hadoop.git
 ! [rejected]        master -> master (fetch first)
error: failed to push some refs to 'https://github.com/praveenpasupuleti/hadoop.git'
hint: Updates were rejected because the remote contains work that you do
hint: not have locally. This is usually caused by another repository pushing
hint: to the same ref. You may want to first integrate the remote changes
hint: (e.g., 'git pull ...') before pushing again.
hint: See the 'Note about fast-forwards' in 'git push --help' for details.
C:\Users\praveen pasupuleti\Documents\GitHub\hadoop [master ↑ +1 ~0 -6 !]> git push master
fatal: You are pushing to remote 'master', which is not the upstream of
your current branch 'master', without telling me what to push
to update which remote branch.
C:\Users\praveen pasupuleti\Documents\GitHub\hadoop [master ↑ +1 ~0 -6 !]> git add files.txt master
fatal: pathspec 'master' did not match any files
C:\Users\praveen pasupuleti\Documents\GitHub\hadoop [master ↑ +1 ~0 -6 !]> ls


    Directory: C:\Users\praveen pasupuleti\Documents\GitHub\hadoop


Mode                LastWriteTime         Length Name
----                -------------         ------ ----
d-----        1/26/2017   7:59 PM                hadoop
-a----        1/25/2017   8:56 PM             14 file.txt
-a----        1/26/2017   7:54 PM              5 files.txt
-a----        1/14/2017   8:09 PM        1561514 hadoop_tutorial.pdf


C:\Users\praveen pasupuleti\Documents\GitHub\hadoop [master ↑ +1 ~0 -6 !]> ls


    Directory: C:\Users\praveen pasupuleti\Documents\GitHub\hadoop


Mode                LastWriteTime         Length Name
----                -------------         ------ ----
d-----        1/26/2017   7:59 PM                hadoop
-a----        1/25/2017   8:56 PM             14 file.txt
-a----        1/26/2017   7:54 PM              5 files.txt
-a----        1/14/2017   8:09 PM        1561514 hadoop_tutorial.pdf


C:\Users\praveen pasupuleti\Documents\GitHub\hadoop [master ↑ +1 ~0 -6 !]> git add files.txt origin master
fatal: pathspec 'origin' did not match any files
C:\Users\praveen pasupuleti\Documents\GitHub\hadoop [master ↑ +1 ~0 -6 !]> git add files.txt origin
fatal: pathspec 'origin' did not match any files
C:\Users\praveen pasupuleti\Documents\GitHub\hadoop [master ↑ +1 ~0 -6 !]> git add files.txt
C:\Users\praveen pasupuleti\Documents\GitHub\hadoop [master ↑ +1 ~0 -6 !]> git commit
On branch master
Your branch is ahead of 'origin/master' by 2 commits.
  (use "git push" to publish your local commits)
Changes not staged for commit:
        deleted:    Sample_Spark_java_joins.docx
        deleted:    Spark.xlsx
        deleted:    Update.txt
        deleted:    XOOM TRANSFER.pdf
        deleted:    cloudera-administration.pdf
        deleted:    sqoop.txt

Untracked files:
        hadoop/

no changes added to commit
C:\Users\praveen pasupuleti\Documents\GitHub\hadoop [master ↑ +1 ~0 -6 !]> git push
To https://github.com/praveenpasupuleti/hadoop.git
 ! [rejected]        master -> master (fetch first)
error: failed to push some refs to 'https://github.com/praveenpasupuleti/hadoop.git'
hint: Updates were rejected because the remote contains work that you do
hint: not have locally. This is usually caused by another repository pushing
hint: to the same ref. You may want to first integrate the remote changes
hint: (e.g., 'git pull ...') before pushing again.
hint: See the 'Note about fast-forwards' in 'git push --help' for details.
C:\Users\praveen pasupuleti\Documents\GitHub\hadoop [master ↑ +1 ~0 -6 !]> git pull
remote: Counting objects: 19, done.
remote: Compressing objects: 100% (16/16), done.
remote: Total 19 (delta 8), reused 0 (delta 0), pack-reused 0
Unpacking objects: 100% (19/19), done.
From https://github.com/praveenpasupuleti/hadoop
   1313e36..84e6b9e  master     -> origin/master
Removing sqoop.txt
Removing cloudera-administration.pdf
Removing XOOM TRANSFER.pdf
Removing Spark.xlsx
Removing Sample_Spark_java_joins.docx
Merge made by the 'recursive' strategy.
 Sample_Spark_java_joins.docx | Bin 20844 -> 0 bytes
 Spark.xlsx                   | Bin 30323 -> 0 bytes
 XOOM TRANSFER.pdf            | Bin 117637 -> 0 bytes
 cloudera-administration.pdf  | Bin 10345031 -> 0 bytes
 file.txt                     |   1 +
 sqoop.txt                    | 168 -------------------------------------------
 updating                     |   2 +
 7 files changed, 3 insertions(+), 168 deletions(-)
 delete mode 100644 Sample_Spark_java_joins.docx
 delete mode 100644 Spark.xlsx
 delete mode 100644 XOOM TRANSFER.pdf
 delete mode 100644 cloudera-administration.pdf
 delete mode 100644 sqoop.txt
 create mode 100644 updating
C:\Users\praveen pasupuleti\Documents\GitHub\hadoop [master ↑ +1 ~0 -1 !]> ls


    Directory: C:\Users\praveen pasupuleti\Documents\GitHub\hadoop


Mode                LastWriteTime         Length Name
----                -------------         ------ ----
d-----        1/26/2017   7:59 PM                hadoop
-a----        1/26/2017   8:06 PM             24 file.txt
-a----        1/26/2017   7:54 PM              5 files.txt
-a----        1/14/2017   8:09 PM        1561514 hadoop_tutorial.pdf
-a----        1/26/2017   8:06 PM             45 updating


C:\Users\praveen pasupuleti\Documents\GitHub\hadoop [master ↑ +1 ~0 -1 !]> git add files.txt
C:\Users\praveen pasupuleti\Documents\GitHub\hadoop [master ↑ +1 ~0 -1 !]> git commit -m "jello"
On branch master
Your branch is ahead of 'origin/master' by 3 commits.
  (use "git push" to publish your local commits)
Changes not staged for commit:
        deleted:    Update.txt

Untracked files:
        hadoop/

no changes added to commit
C:\Users\praveen pasupuleti\Documents\GitHub\hadoop [master ↑ +1 ~0 -1 !]> git push
Counting objects: 8, done.
Delta compression using up to 4 threads.
Compressing objects: 100% (6/6), done.
Writing objects: 100% (8/8), 823 bytes | 0 bytes/s, done.
Total 8 (delta 3), reused 0 (delta 0)
remote: Resolving deltas: 100% (3/3), completed with 1 local objects.
To https://github.com/praveenpasupuleti/hadoop.git
   84e6b9e..1604776  master -> master
C:\Users\praveen pasupuleti\Documents\GitHub\hadoop [master ≡ +1 ~0 -1 !]> ls


    Directory: C:\Users\praveen pasupuleti\Documents\GitHub\hadoop


Mode                LastWriteTime         Length Name
----                -------------         ------ ----
d-----        1/26/2017   7:59 PM                hadoop
-a----        1/26/2017   8:06 PM             24 file.txt
-a----        1/26/2017   7:54 PM              5 files.txt
-a----        1/14/2017   8:09 PM        1561514 hadoop_tutorial.pdf
-a----        1/26/2017   8:06 PM             45 updating


C:\Users\praveen pasupuleti\Documents\GitHub\hadoop [master ≡ +1 ~0 -1 !]>
